Archive member included to satisfy reference by file (symbol)

../lib/libtest.a(print.o)     parcours.o (_ZN5PrintC1Ev)
../lib/libtest.a(memoire_24.o)
                              parcours.o (_ZN13Memoire24CXXXD1Ev)
../lib/libtest.a(can.o)       parcours.o (_ZN3canC1Ev)
../lib/libtest.a(bouton.o)    parcours.o (_ZN6Bouton11appuiBoutonEh)
../lib/libtest.a(DEL.o)       parcours.o (_ZN3DelC1Ev)
../lib/libtest.a(moteur.o)    parcours.o (_ZN6MoteurC1Ehh)
/usr/lib/gcc/avr/10.2.0/avr5/libgcc.a(_exit.o)
                              /usr/lib/gcc/avr/10.2.0/../../../../avr/lib/avr5/crtatmega324pa.o (exit)
/usr/lib/gcc/avr/10.2.0/avr5/libgcc.a(_copy_data.o)
                              parcours.o (__do_copy_data)
/usr/lib/gcc/avr/10.2.0/avr5/libgcc.a(_clear_bss.o)
                              parcours.o (__do_clear_bss)
/usr/lib/gcc/avr/10.2.0/avr5/libgcc.a(_ctors.o)
                              parcours.o (__do_global_ctors)
/usr/lib/gcc/avr/10.2.0/avr5/libgcc.a(_dtors.o)
                              parcours.o (__do_global_dtors)
/usr/lib/gcc/avr/10.2.0/avr5/libgcc.a(_tablejump2.o)
                              /usr/lib/gcc/avr/10.2.0/avr5/libgcc.a(_ctors.o) (__tablejump2__)
/usr/lib/gcc/avr/10.2.0/../../../../avr/lib/avr5/libc.a(sprintf.o)
                              ../lib/libtest.a(print.o) (sprintf)
/usr/lib/gcc/avr/10.2.0/../../../../avr/lib/avr5/libc.a(vfprintf_std.o)
                              /usr/lib/gcc/avr/10.2.0/../../../../avr/lib/avr5/libc.a(sprintf.o) (vfprintf)
/usr/lib/gcc/avr/10.2.0/../../../../avr/lib/avr5/libc.a(strnlen_P.o)
                              /usr/lib/gcc/avr/10.2.0/../../../../avr/lib/avr5/libc.a(vfprintf_std.o) (strnlen_P)
/usr/lib/gcc/avr/10.2.0/../../../../avr/lib/avr5/libc.a(strnlen.o)
                              /usr/lib/gcc/avr/10.2.0/../../../../avr/lib/avr5/libc.a(vfprintf_std.o) (strnlen)
/usr/lib/gcc/avr/10.2.0/../../../../avr/lib/avr5/libc.a(fputc.o)
                              /usr/lib/gcc/avr/10.2.0/../../../../avr/lib/avr5/libc.a(vfprintf_std.o) (fputc)
/usr/lib/gcc/avr/10.2.0/../../../../avr/lib/avr5/libc.a(ultoa_invert.o)
                              /usr/lib/gcc/avr/10.2.0/../../../../avr/lib/avr5/libc.a(vfprintf_std.o) (__ultoa_invert)
/usr/lib/gcc/avr/10.2.0/avr5/libgcc.a(_prologue.o)
                              /usr/lib/gcc/avr/10.2.0/../../../../avr/lib/avr5/libc.a(sprintf.o) (__prologue_saves__)
/usr/lib/gcc/avr/10.2.0/avr5/libgcc.a(_epilogue.o)
                              /usr/lib/gcc/avr/10.2.0/../../../../avr/lib/avr5/libc.a(sprintf.o) (__epilogue_restores__)

Memory Configuration

Name             Origin             Length             Attributes
text             0x0000000000000000 0x0000000000020000 xr
data             0x0000000000800060 0x000000000000ffa0 rw !x
eeprom           0x0000000000810000 0x0000000000010000 rw !x
fuse             0x0000000000820000 0x0000000000000003 rw !x
lock             0x0000000000830000 0x0000000000000400 rw !x
signature        0x0000000000840000 0x0000000000000400 rw !x
user_signatures  0x0000000000850000 0x0000000000000400 rw !x
*default*        0x0000000000000000 0xffffffffffffffff

Linker script and memory map

Address of section .data set to 0x800100
LOAD /usr/lib/gcc/avr/10.2.0/../../../../avr/lib/avr5/crtatmega324pa.o
LOAD parcours.o
LOAD /usr/lib/gcc/avr/10.2.0/../../../../avr/lib/avr5/libm.a
LOAD ../lib/libtest.a
START GROUP
LOAD /usr/lib/gcc/avr/10.2.0/avr5/libgcc.a
LOAD /usr/lib/gcc/avr/10.2.0/../../../../avr/lib/avr5/libm.a
LOAD /usr/lib/gcc/avr/10.2.0/../../../../avr/lib/avr5/libc.a
LOAD /usr/lib/gcc/avr/10.2.0/../../../../avr/lib/avr5/libatmega324pa.a
END GROUP
                0x0000000000020000                __TEXT_REGION_LENGTH__ = DEFINED (__TEXT_REGION_LENGTH__)?__TEXT_REGION_LENGTH__:0x20000
                0x000000000000ffa0                __DATA_REGION_LENGTH__ = DEFINED (__DATA_REGION_LENGTH__)?__DATA_REGION_LENGTH__:0xffa0
                0x0000000000010000                __EEPROM_REGION_LENGTH__ = DEFINED (__EEPROM_REGION_LENGTH__)?__EEPROM_REGION_LENGTH__:0x10000
                [0x0000000000000003]                __FUSE_REGION_LENGTH__ = DEFINED (__FUSE_REGION_LENGTH__)?__FUSE_REGION_LENGTH__:0x400
                0x0000000000000400                __LOCK_REGION_LENGTH__ = DEFINED (__LOCK_REGION_LENGTH__)?__LOCK_REGION_LENGTH__:0x400
                0x0000000000000400                __SIGNATURE_REGION_LENGTH__ = DEFINED (__SIGNATURE_REGION_LENGTH__)?__SIGNATURE_REGION_LENGTH__:0x400
                0x0000000000000400                __USER_SIGNATURE_REGION_LENGTH__ = DEFINED (__USER_SIGNATURE_REGION_LENGTH__)?__USER_SIGNATURE_REGION_LENGTH__:0x400

.hash
 *(.hash)

.dynsym
 *(.dynsym)

.dynstr
 *(.dynstr)

.gnu.version
 *(.gnu.version)

.gnu.version_d
 *(.gnu.version_d)

.gnu.version_r
 *(.gnu.version_r)

.rel.init
 *(.rel.init)

.rela.init
 *(.rela.init)

.rel.text
 *(.rel.text)
 *(.rel.text.*)
 *(.rel.gnu.linkonce.t*)

.rela.text
 *(.rela.text)
 *(.rela.text.*)
 *(.rela.gnu.linkonce.t*)

.rel.fini
 *(.rel.fini)

.rela.fini
 *(.rela.fini)

.rel.rodata
 *(.rel.rodata)
 *(.rel.rodata.*)
 *(.rel.gnu.linkonce.r*)

.rela.rodata
 *(.rela.rodata)
 *(.rela.rodata.*)
 *(.rela.gnu.linkonce.r*)

.rel.data
 *(.rel.data)
 *(.rel.data.*)
 *(.rel.gnu.linkonce.d*)

.rela.data
 *(.rela.data)
 *(.rela.data.*)
 *(.rela.gnu.linkonce.d*)

.rel.ctors
 *(.rel.ctors)

.rela.ctors
 *(.rela.ctors)

.rel.dtors
 *(.rel.dtors)

.rela.dtors
 *(.rela.dtors)

.rel.got
 *(.rel.got)

.rela.got
 *(.rela.got)

.rel.bss
 *(.rel.bss)

.rela.bss
 *(.rela.bss)

.rel.plt
 *(.rel.plt)

.rela.plt
 *(.rela.plt)

.text           0x0000000000000000     0x11fa
 *(.vectors)
 .vectors       0x0000000000000000       0x7c /usr/lib/gcc/avr/10.2.0/../../../../avr/lib/avr5/crtatmega324pa.o
                0x0000000000000000                __vectors
                0x0000000000000000                __vector_default
 *(.vectors)
 *(.progmem.gcc*)
                0x000000000000007c                . = ALIGN (0x2)
                0x000000000000007c                __trampolines_start = .
 *(.trampolines)
 .trampolines   0x000000000000007c        0x0 linker stubs
 *(.trampolines*)
                0x000000000000007c                __trampolines_end = .
 *libprintf_flt.a:*(.progmem.data)
 *libc.a:*(.progmem.data)
 *(.progmem.*)
                0x000000000000007c                . = ALIGN (0x2)
 *(.lowtext)
 *(.lowtext*)
                0x000000000000007c                __ctors_start = .
 *(.ctors)
 .ctors         0x000000000000007c        0x2 parcours.o
                0x000000000000007e                __ctors_end = .
                0x000000000000007e                __dtors_start = .
 *(.dtors)
 .dtors         0x000000000000007e        0x2 parcours.o
                0x0000000000000080                __dtors_end = .
 SORT_BY_NAME(*)(.ctors)
 SORT_BY_NAME(*)(.dtors)
 *(.init0)
 .init0         0x0000000000000080        0x0 /usr/lib/gcc/avr/10.2.0/../../../../avr/lib/avr5/crtatmega324pa.o
                0x0000000000000080                __init
 *(.init0)
 *(.init1)
 *(.init1)
 *(.init2)
 .init2         0x0000000000000080        0xc /usr/lib/gcc/avr/10.2.0/../../../../avr/lib/avr5/crtatmega324pa.o
 *(.init2)
 *(.init3)
 *(.init3)
 *(.init4)
 .init4         0x000000000000008c       0x16 /usr/lib/gcc/avr/10.2.0/avr5/libgcc.a(_copy_data.o)
                0x000000000000008c                __do_copy_data
 .init4         0x00000000000000a2       0x10 /usr/lib/gcc/avr/10.2.0/avr5/libgcc.a(_clear_bss.o)
                0x00000000000000a2                __do_clear_bss
 *(.init4)
 *(.init5)
 *(.init5)
 *(.init6)
 .init6         0x00000000000000b2       0x16 /usr/lib/gcc/avr/10.2.0/avr5/libgcc.a(_ctors.o)
                0x00000000000000b2                __do_global_ctors
 *(.init6)
 *(.init7)
 *(.init7)
 *(.init8)
 *(.init8)
 *(.init9)
 .init9         0x00000000000000c8        0x8 /usr/lib/gcc/avr/10.2.0/../../../../avr/lib/avr5/crtatmega324pa.o
 *(.init9)
 *(.text)
 .text          0x00000000000000d0        0x4 /usr/lib/gcc/avr/10.2.0/../../../../avr/lib/avr5/crtatmega324pa.o
                0x00000000000000d0                __vector_22
                0x00000000000000d0                __vector_28
                0x00000000000000d0                __vector_1
                0x00000000000000d0                __vector_24
                0x00000000000000d0                __vector_12
                0x00000000000000d0                __bad_interrupt
                0x00000000000000d0                __vector_6
                0x00000000000000d0                __vector_3
                0x00000000000000d0                __vector_23
                0x00000000000000d0                __vector_30
                0x00000000000000d0                __vector_25
                0x00000000000000d0                __vector_11
                0x00000000000000d0                __vector_13
                0x00000000000000d0                __vector_17
                0x00000000000000d0                __vector_19
                0x00000000000000d0                __vector_7
                0x00000000000000d0                __vector_27
                0x00000000000000d0                __vector_5
                0x00000000000000d0                __vector_4
                0x00000000000000d0                __vector_9
                0x00000000000000d0                __vector_2
                0x00000000000000d0                __vector_21
                0x00000000000000d0                __vector_15
                0x00000000000000d0                __vector_29
                0x00000000000000d0                __vector_8
                0x00000000000000d0                __vector_26
                0x00000000000000d0                __vector_14
                0x00000000000000d0                __vector_10
                0x00000000000000d0                __vector_16
                0x00000000000000d0                __vector_18
                0x00000000000000d0                __vector_20
 .text          0x00000000000000d4      0x572 parcours.o
                0x00000000000000d4                _Z8pulsePwmv
                0x00000000000000f8                _Z13lumiereDroitev
                0x000000000000010e                _Z13lumiereGauchev
                0x0000000000000122                _Z8obstaclev
                0x000000000000012c                _Z8ecriturej
                0x0000000000000158                _Z14initialisationv
                0x000000000000016c                _Z13debutParcoursv
                0x00000000000001ae                _Z9suivreMurv
                0x00000000000002c6                _Z8attendrev
                0x000000000000035e                _Z13suivreLumierev
                0x00000000000003d4                _Z8demiTourv
                0x0000000000000406                _Z3finv
                0x0000000000000444                _Z11modeReprisev
                0x0000000000000536                _Z6ecrireh
                0x0000000000000562                _Z13faireParcoursv
 .text          0x0000000000000646       0xe6 ../lib/libtest.a(print.o)
                0x0000000000000646                _ZN5Print10USART_InitEv
                0x000000000000065e                _ZN5PrintC1Ev
                0x000000000000065e                _ZN5PrintC2Ev
                0x0000000000000662                _ZN5Print17afficherCaractereEc
                0x0000000000000670                _ZN5Print23afficherChaineCaractereEPKc
                0x00000000000006a6                _ZN5Print13USART_ReceiveEv
                0x00000000000006b4                _ZN5Print14USART_TransmitEh
                0x00000000000006b8                _ZN5Print18afficherEntier8bitEh
                0x000000000000071e                _ZN5Print19afficherEntier16bitEj
 .text          0x000000000000072c      0x360 ../lib/libtest.a(memoire_24.o)
                0x000000000000072c                _ZN13Memoire24CXXXD2Ev
                0x000000000000072c                _ZN13Memoire24CXXXD1Ev
                0x000000000000072e                _ZN13Memoire24CXXX4initEv
                0x0000000000000740                _ZN13Memoire24CXXXC2Ev
                0x0000000000000740                _ZN13Memoire24CXXXC1Ev
                0x000000000000074c                _ZN13Memoire24CXXX12choisir_bancEh
                0x0000000000000762                _ZN13Memoire24CXXX7lectureEjPh
                0x0000000000000824                _ZN13Memoire24CXXX7lectureEjPhh
                0x00000000000008f0                _ZN13Memoire24CXXX8ecritureEjh
                0x0000000000000980                _ZN13Memoire24CXXX11ecrire_pageEjPhh
                0x0000000000000a42                _ZN13Memoire24CXXX8ecritureEjPhh
 .text          0x0000000000000a8c       0x58 ../lib/libtest.a(can.o)
                0x0000000000000a8c                _ZN3canC2Ev
                0x0000000000000a8c                _ZN3canC1Ev
                0x0000000000000a98                _ZN3canD1Ev
                0x0000000000000a98                _ZN3canD2Ev
                0x0000000000000a9e                _ZN3can7lectureEh
 .text          0x0000000000000ae4       0x36 ../lib/libtest.a(bouton.o)
                0x0000000000000ae4                _ZN6Bouton11appuiBoutonEh
 .text          0x0000000000000b1a       0x72 ../lib/libtest.a(DEL.o)
                0x0000000000000b1a                _ZN3DelC2Ev
                0x0000000000000b1a                _ZN3DelC1Ev
                0x0000000000000b22                _ZN3Del17SetCouleurLumiereE4Etat
                0x0000000000000b42                _ZN3Del9clignoterEhh
                0x0000000000000b6a                _ZN3Del6ambrerEv
 .text          0x0000000000000b8c       0x3e ../lib/libtest.a(moteur.o)
                0x0000000000000b8c                _ZN6MoteurC2Ehh
                0x0000000000000b8c                _ZN6MoteurC1Ehh
                0x0000000000000bb4                _ZN6Moteur5arretEv
                0x0000000000000bba                _ZN6Moteur23ajustementPwmNavigationEjj
 .text          0x0000000000000bca        0x0 /usr/lib/gcc/avr/10.2.0/avr5/libgcc.a(_exit.o)
 .text          0x0000000000000bca        0x0 /usr/lib/gcc/avr/10.2.0/avr5/libgcc.a(_copy_data.o)
 .text          0x0000000000000bca        0x0 /usr/lib/gcc/avr/10.2.0/avr5/libgcc.a(_clear_bss.o)
 .text          0x0000000000000bca        0x0 /usr/lib/gcc/avr/10.2.0/avr5/libgcc.a(_ctors.o)
 .text          0x0000000000000bca        0x0 /usr/lib/gcc/avr/10.2.0/avr5/libgcc.a(_dtors.o)
 .text          0x0000000000000bca        0x0 /usr/lib/gcc/avr/10.2.0/avr5/libgcc.a(_tablejump2.o)
 .text          0x0000000000000bca        0x0 /usr/lib/gcc/avr/10.2.0/../../../../avr/lib/avr5/libc.a(sprintf.o)
 .text          0x0000000000000bca        0x0 /usr/lib/gcc/avr/10.2.0/../../../../avr/lib/avr5/libc.a(vfprintf_std.o)
 .text          0x0000000000000bca        0x0 /usr/lib/gcc/avr/10.2.0/../../../../avr/lib/avr5/libc.a(strnlen_P.o)
 .text          0x0000000000000bca        0x0 /usr/lib/gcc/avr/10.2.0/../../../../avr/lib/avr5/libc.a(strnlen.o)
 .text          0x0000000000000bca        0x0 /usr/lib/gcc/avr/10.2.0/../../../../avr/lib/avr5/libc.a(fputc.o)
 .text          0x0000000000000bca        0x0 /usr/lib/gcc/avr/10.2.0/../../../../avr/lib/avr5/libc.a(ultoa_invert.o)
 .text          0x0000000000000bca        0x0 /usr/lib/gcc/avr/10.2.0/avr5/libgcc.a(_prologue.o)
 .text          0x0000000000000bca        0x0 /usr/lib/gcc/avr/10.2.0/avr5/libgcc.a(_epilogue.o)
                0x0000000000000bca                . = ALIGN (0x2)
 *(.text.*)
 .text.startup  0x0000000000000bca       0x58 parcours.o
                0x0000000000000bca                main
 .text.exit     0x0000000000000c22       0x10 parcours.o
 .text.libgcc.mul
                0x0000000000000c32        0x0 /usr/lib/gcc/avr/10.2.0/avr5/libgcc.a(_exit.o)
 .text.libgcc.div
                0x0000000000000c32        0x0 /usr/lib/gcc/avr/10.2.0/avr5/libgcc.a(_exit.o)
 .text.libgcc   0x0000000000000c32        0x0 /usr/lib/gcc/avr/10.2.0/avr5/libgcc.a(_exit.o)
 .text.libgcc.prologue
                0x0000000000000c32        0x0 /usr/lib/gcc/avr/10.2.0/avr5/libgcc.a(_exit.o)
 .text.libgcc.builtins
                0x0000000000000c32        0x0 /usr/lib/gcc/avr/10.2.0/avr5/libgcc.a(_exit.o)
 .text.libgcc.fmul
                0x0000000000000c32        0x0 /usr/lib/gcc/avr/10.2.0/avr5/libgcc.a(_exit.o)
 .text.libgcc.fixed
                0x0000000000000c32        0x0 /usr/lib/gcc/avr/10.2.0/avr5/libgcc.a(_exit.o)
 .text.libgcc.mul
                0x0000000000000c32        0x0 /usr/lib/gcc/avr/10.2.0/avr5/libgcc.a(_copy_data.o)
 .text.libgcc.div
                0x0000000000000c32        0x0 /usr/lib/gcc/avr/10.2.0/avr5/libgcc.a(_copy_data.o)
 .text.libgcc   0x0000000000000c32        0x0 /usr/lib/gcc/avr/10.2.0/avr5/libgcc.a(_copy_data.o)
 .text.libgcc.prologue
                0x0000000000000c32        0x0 /usr/lib/gcc/avr/10.2.0/avr5/libgcc.a(_copy_data.o)
 .text.libgcc.builtins
                0x0000000000000c32        0x0 /usr/lib/gcc/avr/10.2.0/avr5/libgcc.a(_copy_data.o)
 .text.libgcc.fmul
                0x0000000000000c32        0x0 /usr/lib/gcc/avr/10.2.0/avr5/libgcc.a(_copy_data.o)
 .text.libgcc.fixed
                0x0000000000000c32        0x0 /usr/lib/gcc/avr/10.2.0/avr5/libgcc.a(_copy_data.o)
 .text.libgcc.mul
                0x0000000000000c32        0x0 /usr/lib/gcc/avr/10.2.0/avr5/libgcc.a(_clear_bss.o)
 .text.libgcc.div
                0x0000000000000c32        0x0 /usr/lib/gcc/avr/10.2.0/avr5/libgcc.a(_clear_bss.o)
 .text.libgcc   0x0000000000000c32        0x0 /usr/lib/gcc/avr/10.2.0/avr5/libgcc.a(_clear_bss.o)
 .text.libgcc.prologue
                0x0000000000000c32        0x0 /usr/lib/gcc/avr/10.2.0/avr5/libgcc.a(_clear_bss.o)
 .text.libgcc.builtins
                0x0000000000000c32        0x0 /usr/lib/gcc/avr/10.2.0/avr5/libgcc.a(_clear_bss.o)
 .text.libgcc.fmul
                0x0000000000000c32        0x0 /usr/lib/gcc/avr/10.2.0/avr5/libgcc.a(_clear_bss.o)
 .text.libgcc.fixed
                0x0000000000000c32        0x0 /usr/lib/gcc/avr/10.2.0/avr5/libgcc.a(_clear_bss.o)
 .text.libgcc.mul
                0x0000000000000c32        0x0 /usr/lib/gcc/avr/10.2.0/avr5/libgcc.a(_ctors.o)
 .text.libgcc.div
                0x0000000000000c32        0x0 /usr/lib/gcc/avr/10.2.0/avr5/libgcc.a(_ctors.o)
 .text.libgcc   0x0000000000000c32        0x0 /usr/lib/gcc/avr/10.2.0/avr5/libgcc.a(_ctors.o)
 .text.libgcc.prologue
                0x0000000000000c32        0x0 /usr/lib/gcc/avr/10.2.0/avr5/libgcc.a(_ctors.o)
 .text.libgcc.builtins
                0x0000000000000c32        0x0 /usr/lib/gcc/avr/10.2.0/avr5/libgcc.a(_ctors.o)
 .text.libgcc.fmul
                0x0000000000000c32        0x0 /usr/lib/gcc/avr/10.2.0/avr5/libgcc.a(_ctors.o)
 .text.libgcc.fixed
                0x0000000000000c32        0x0 /usr/lib/gcc/avr/10.2.0/avr5/libgcc.a(_ctors.o)
 .text.libgcc.mul
                0x0000000000000c32        0x0 /usr/lib/gcc/avr/10.2.0/avr5/libgcc.a(_dtors.o)
 .text.libgcc.div
                0x0000000000000c32        0x0 /usr/lib/gcc/avr/10.2.0/avr5/libgcc.a(_dtors.o)
 .text.libgcc   0x0000000000000c32        0x0 /usr/lib/gcc/avr/10.2.0/avr5/libgcc.a(_dtors.o)
 .text.libgcc.prologue
                0x0000000000000c32        0x0 /usr/lib/gcc/avr/10.2.0/avr5/libgcc.a(_dtors.o)
 .text.libgcc.builtins
                0x0000000000000c32        0x0 /usr/lib/gcc/avr/10.2.0/avr5/libgcc.a(_dtors.o)
 .text.libgcc.fmul
                0x0000000000000c32        0x0 /usr/lib/gcc/avr/10.2.0/avr5/libgcc.a(_dtors.o)
 .text.libgcc.fixed
                0x0000000000000c32        0x0 /usr/lib/gcc/avr/10.2.0/avr5/libgcc.a(_dtors.o)
 .text.libgcc.mul
                0x0000000000000c32        0x0 /usr/lib/gcc/avr/10.2.0/avr5/libgcc.a(_tablejump2.o)
 .text.libgcc.div
                0x0000000000000c32        0x0 /usr/lib/gcc/avr/10.2.0/avr5/libgcc.a(_tablejump2.o)
 .text.libgcc   0x0000000000000c32        0xc /usr/lib/gcc/avr/10.2.0/avr5/libgcc.a(_tablejump2.o)
                0x0000000000000c32                __tablejump2__
 .text.libgcc.prologue
                0x0000000000000c3e        0x0 /usr/lib/gcc/avr/10.2.0/avr5/libgcc.a(_tablejump2.o)
 .text.libgcc.builtins
                0x0000000000000c3e        0x0 /usr/lib/gcc/avr/10.2.0/avr5/libgcc.a(_tablejump2.o)
 .text.libgcc.fmul
                0x0000000000000c3e        0x0 /usr/lib/gcc/avr/10.2.0/avr5/libgcc.a(_tablejump2.o)
 .text.libgcc.fixed
                0x0000000000000c3e        0x0 /usr/lib/gcc/avr/10.2.0/avr5/libgcc.a(_tablejump2.o)
 .text.avr-libc
                0x0000000000000c3e       0x46 /usr/lib/gcc/avr/10.2.0/../../../../avr/lib/avr5/libc.a(sprintf.o)
                0x0000000000000c3e                sprintf
 .text.avr-libc
                0x0000000000000c84      0x3a6 /usr/lib/gcc/avr/10.2.0/../../../../avr/lib/avr5/libc.a(vfprintf_std.o)
                0x0000000000000c84                vfprintf
 .text.avr-libc
                0x000000000000102a       0x16 /usr/lib/gcc/avr/10.2.0/../../../../avr/lib/avr5/libc.a(strnlen_P.o)
                0x000000000000102a                strnlen_P
 .text.avr-libc
                0x0000000000001040       0x16 /usr/lib/gcc/avr/10.2.0/../../../../avr/lib/avr5/libc.a(strnlen.o)
                0x0000000000001040                strnlen
 .text.avr-libc
                0x0000000000001056       0x60 /usr/lib/gcc/avr/10.2.0/../../../../avr/lib/avr5/libc.a(fputc.o)
                0x0000000000001056                fputc
 .text.avr-libc
                0x00000000000010b6       0xbc /usr/lib/gcc/avr/10.2.0/../../../../avr/lib/avr5/libc.a(ultoa_invert.o)
                0x00000000000010b6                __ultoa_invert
 .text.libgcc.mul
                0x0000000000001172        0x0 /usr/lib/gcc/avr/10.2.0/avr5/libgcc.a(_prologue.o)
 .text.libgcc.div
                0x0000000000001172        0x0 /usr/lib/gcc/avr/10.2.0/avr5/libgcc.a(_prologue.o)
 .text.libgcc   0x0000000000001172        0x0 /usr/lib/gcc/avr/10.2.0/avr5/libgcc.a(_prologue.o)
 .text.libgcc.prologue
                0x0000000000001172       0x38 /usr/lib/gcc/avr/10.2.0/avr5/libgcc.a(_prologue.o)
                0x0000000000001172                __prologue_saves__
 .text.libgcc.builtins
                0x00000000000011aa        0x0 /usr/lib/gcc/avr/10.2.0/avr5/libgcc.a(_prologue.o)
 .text.libgcc.fmul
                0x00000000000011aa        0x0 /usr/lib/gcc/avr/10.2.0/avr5/libgcc.a(_prologue.o)
 .text.libgcc.fixed
                0x00000000000011aa        0x0 /usr/lib/gcc/avr/10.2.0/avr5/libgcc.a(_prologue.o)
 .text.libgcc.mul
                0x00000000000011aa        0x0 /usr/lib/gcc/avr/10.2.0/avr5/libgcc.a(_epilogue.o)
 .text.libgcc.div
                0x00000000000011aa        0x0 /usr/lib/gcc/avr/10.2.0/avr5/libgcc.a(_epilogue.o)
 .text.libgcc   0x00000000000011aa        0x0 /usr/lib/gcc/avr/10.2.0/avr5/libgcc.a(_epilogue.o)
 .text.libgcc.prologue
                0x00000000000011aa       0x36 /usr/lib/gcc/avr/10.2.0/avr5/libgcc.a(_epilogue.o)
                0x00000000000011aa                __epilogue_restores__
 .text.libgcc.builtins
                0x00000000000011e0        0x0 /usr/lib/gcc/avr/10.2.0/avr5/libgcc.a(_epilogue.o)
 .text.libgcc.fmul
                0x00000000000011e0        0x0 /usr/lib/gcc/avr/10.2.0/avr5/libgcc.a(_epilogue.o)
 .text.libgcc.fixed
                0x00000000000011e0        0x0 /usr/lib/gcc/avr/10.2.0/avr5/libgcc.a(_epilogue.o)
                0x00000000000011e0                . = ALIGN (0x2)
 *(.fini9)
 .fini9         0x00000000000011e0        0x0 /usr/lib/gcc/avr/10.2.0/avr5/libgcc.a(_exit.o)
                0x00000000000011e0                exit
                0x00000000000011e0                _exit
 *(.fini9)
 *(.fini8)
 *(.fini8)
 *(.fini7)
 *(.fini7)
 *(.fini6)
 .fini6         0x00000000000011e0       0x16 /usr/lib/gcc/avr/10.2.0/avr5/libgcc.a(_dtors.o)
                0x00000000000011e0                __do_global_dtors
 *(.fini6)
 *(.fini5)
 *(.fini5)
 *(.fini4)
 *(.fini4)
 *(.fini3)
 *(.fini3)
 *(.fini2)
 *(.fini2)
 *(.fini1)
 *(.fini1)
 *(.fini0)
 .fini0         0x00000000000011f6        0x4 /usr/lib/gcc/avr/10.2.0/avr5/libgcc.a(_exit.o)
 *(.fini0)
 *(.hightext)
 *(.hightext*)
 *(.progmemx.*)
                0x00000000000011fa                . = ALIGN (0x2)
 *(.jumptables)
 *(.jumptables*)
                0x00000000000011fa                _etext = .

.data           0x0000000000800100       0x58 load address 0x00000000000011fa
                0x0000000000800100                PROVIDE (__data_start = .)
 *(.data)
 .data          0x0000000000800100        0x0 /usr/lib/gcc/avr/10.2.0/../../../../avr/lib/avr5/crtatmega324pa.o
 .data          0x0000000000800100        0x3 parcours.o
                0x0000000000800100                mur
                0x0000000000800101                enregistrer
 .data          0x0000000000800103        0x0 ../lib/libtest.a(print.o)
 .data          0x0000000000800103        0x1 ../lib/libtest.a(memoire_24.o)
                0x0000000000800103                _ZN13Memoire24CXXX22m_adresse_peripheriqueE
 .data          0x0000000000800104        0x0 ../lib/libtest.a(can.o)
 .data          0x0000000000800104        0x0 ../lib/libtest.a(bouton.o)
 .data          0x0000000000800104        0x0 ../lib/libtest.a(DEL.o)
 .data          0x0000000000800104        0x0 ../lib/libtest.a(moteur.o)
 .data          0x0000000000800104        0x0 /usr/lib/gcc/avr/10.2.0/avr5/libgcc.a(_exit.o)
 .data          0x0000000000800104        0x0 /usr/lib/gcc/avr/10.2.0/avr5/libgcc.a(_copy_data.o)
 .data          0x0000000000800104        0x0 /usr/lib/gcc/avr/10.2.0/avr5/libgcc.a(_clear_bss.o)
 .data          0x0000000000800104        0x0 /usr/lib/gcc/avr/10.2.0/avr5/libgcc.a(_ctors.o)
 .data          0x0000000000800104        0x0 /usr/lib/gcc/avr/10.2.0/avr5/libgcc.a(_dtors.o)
 .data          0x0000000000800104        0x0 /usr/lib/gcc/avr/10.2.0/avr5/libgcc.a(_tablejump2.o)
 .data          0x0000000000800104        0x0 /usr/lib/gcc/avr/10.2.0/../../../../avr/lib/avr5/libc.a(sprintf.o)
 .data          0x0000000000800104        0x0 /usr/lib/gcc/avr/10.2.0/../../../../avr/lib/avr5/libc.a(vfprintf_std.o)
 .data          0x0000000000800104        0x0 /usr/lib/gcc/avr/10.2.0/../../../../avr/lib/avr5/libc.a(strnlen_P.o)
 .data          0x0000000000800104        0x0 /usr/lib/gcc/avr/10.2.0/../../../../avr/lib/avr5/libc.a(strnlen.o)
 .data          0x0000000000800104        0x0 /usr/lib/gcc/avr/10.2.0/../../../../avr/lib/avr5/libc.a(fputc.o)
 .data          0x0000000000800104        0x0 /usr/lib/gcc/avr/10.2.0/../../../../avr/lib/avr5/libc.a(ultoa_invert.o)
 .data          0x0000000000800104        0x0 /usr/lib/gcc/avr/10.2.0/avr5/libgcc.a(_prologue.o)
 .data          0x0000000000800104        0x0 /usr/lib/gcc/avr/10.2.0/avr5/libgcc.a(_epilogue.o)
 *(.data*)
 *(.gnu.linkonce.d*)
 *(.rodata)
 *(.rodata*)
 .rodata.str1.1
                0x0000000000800104       0x50 parcours.o
 .rodata.str1.1
                0x0000000000800154        0x3 ../lib/libtest.a(print.o)
 *(.gnu.linkonce.r*)
                0x0000000000800158                . = ALIGN (0x2)
 *fill*         0x0000000000800157        0x1 
                0x0000000000800158                _edata = .
                0x0000000000800158                PROVIDE (__data_end = .)

.bss            0x0000000000800158        0xe
                0x0000000000800158                PROVIDE (__bss_start = .)
 *(.bss)
 .bss           0x0000000000800158        0x0 /usr/lib/gcc/avr/10.2.0/../../../../avr/lib/avr5/crtatmega324pa.o
 .bss           0x0000000000800158        0xe parcours.o
                0x0000000000800158                signal
                0x0000000000800159                i
                0x000000000080015b                count
                0x000000000080015d                memoireExterne
                0x000000000080015e                print
                0x000000000080015f                del
                0x0000000000800160                capteur
                0x0000000000800161                bouton
                0x0000000000800162                moteur
                0x0000000000800164                instruction
 .bss           0x0000000000800166        0x0 ../lib/libtest.a(print.o)
 .bss           0x0000000000800166        0x0 ../lib/libtest.a(memoire_24.o)
 .bss           0x0000000000800166        0x0 ../lib/libtest.a(can.o)
 .bss           0x0000000000800166        0x0 ../lib/libtest.a(bouton.o)
 .bss           0x0000000000800166        0x0 ../lib/libtest.a(DEL.o)
 .bss           0x0000000000800166        0x0 ../lib/libtest.a(moteur.o)
 .bss           0x0000000000800166        0x0 /usr/lib/gcc/avr/10.2.0/avr5/libgcc.a(_exit.o)
 .bss           0x0000000000800166        0x0 /usr/lib/gcc/avr/10.2.0/avr5/libgcc.a(_copy_data.o)
 .bss           0x0000000000800166        0x0 /usr/lib/gcc/avr/10.2.0/avr5/libgcc.a(_clear_bss.o)
 .bss           0x0000000000800166        0x0 /usr/lib/gcc/avr/10.2.0/avr5/libgcc.a(_ctors.o)
 .bss           0x0000000000800166        0x0 /usr/lib/gcc/avr/10.2.0/avr5/libgcc.a(_dtors.o)
 .bss           0x0000000000800166        0x0 /usr/lib/gcc/avr/10.2.0/avr5/libgcc.a(_tablejump2.o)
 .bss           0x0000000000800166        0x0 /usr/lib/gcc/avr/10.2.0/../../../../avr/lib/avr5/libc.a(sprintf.o)
 .bss           0x0000000000800166        0x0 /usr/lib/gcc/avr/10.2.0/../../../../avr/lib/avr5/libc.a(vfprintf_std.o)
 .bss           0x0000000000800166        0x0 /usr/lib/gcc/avr/10.2.0/../../../../avr/lib/avr5/libc.a(strnlen_P.o)
 .bss           0x0000000000800166        0x0 /usr/lib/gcc/avr/10.2.0/../../../../avr/lib/avr5/libc.a(strnlen.o)
 .bss           0x0000000000800166        0x0 /usr/lib/gcc/avr/10.2.0/../../../../avr/lib/avr5/libc.a(fputc.o)
 .bss           0x0000000000800166        0x0 /usr/lib/gcc/avr/10.2.0/../../../../avr/lib/avr5/libc.a(ultoa_invert.o)
 .bss           0x0000000000800166        0x0 /usr/lib/gcc/avr/10.2.0/avr5/libgcc.a(_prologue.o)
 .bss           0x0000000000800166        0x0 /usr/lib/gcc/avr/10.2.0/avr5/libgcc.a(_epilogue.o)
 *(.bss*)
 *(COMMON)
                0x0000000000800166                PROVIDE (__bss_end = .)
                0x00000000000011fa                __data_load_start = LOADADDR (.data)
                0x0000000000001252                __data_load_end = (__data_load_start + SIZEOF (.data))

.noinit         0x0000000000800166        0x0
                [!provide]                        PROVIDE (__noinit_start = .)
 *(.noinit*)
                [!provide]                        PROVIDE (__noinit_end = .)
                0x0000000000800166                _end = .
                [!provide]                        PROVIDE (__heap_start = .)

.eeprom         0x0000000000810000        0x0
 *(.eeprom*)
                0x0000000000810000                __eeprom_end = .

.fuse
 *(.fuse)
 *(.lfuse)
 *(.hfuse)
 *(.efuse)

.lock
 *(.lock*)

.signature
 *(.signature*)

.stab           0x0000000000000000     0x2d24
 *(.stab)
 .stab          0x0000000000000000      0xdc8 parcours.o
 .stab          0x0000000000000dc8      0x384 ../lib/libtest.a(print.o)
                                        0x390 (size before relaxing)
 .stab          0x000000000000114c      0xc30 ../lib/libtest.a(memoire_24.o)
                                        0xc3c (size before relaxing)
 .stab          0x0000000000001d7c      0x1e0 ../lib/libtest.a(can.o)
                                        0x1ec (size before relaxing)
 .stab          0x0000000000001f5c      0x12c ../lib/libtest.a(bouton.o)
                                        0x138 (size before relaxing)
 .stab          0x0000000000002088      0x324 ../lib/libtest.a(DEL.o)
                                        0x330 (size before relaxing)
 .stab          0x00000000000023ac      0x1ec ../lib/libtest.a(moteur.o)
                                        0x1f8 (size before relaxing)
 .stab          0x0000000000002598       0x6c /usr/lib/gcc/avr/10.2.0/avr5/libgcc.a(_exit.o)
                                         0x78 (size before relaxing)
 .stab          0x0000000000002604       0xd8 /usr/lib/gcc/avr/10.2.0/avr5/libgcc.a(_copy_data.o)
                                         0xe4 (size before relaxing)
 .stab          0x00000000000026dc       0xb4 /usr/lib/gcc/avr/10.2.0/avr5/libgcc.a(_clear_bss.o)
                                         0xc0 (size before relaxing)
 .stab          0x0000000000002790       0xd8 /usr/lib/gcc/avr/10.2.0/avr5/libgcc.a(_ctors.o)
                                         0xe4 (size before relaxing)
 .stab          0x0000000000002868       0xd8 /usr/lib/gcc/avr/10.2.0/avr5/libgcc.a(_dtors.o)
                                         0xe4 (size before relaxing)
 .stab          0x0000000000002940       0x9c /usr/lib/gcc/avr/10.2.0/avr5/libgcc.a(_tablejump2.o)
                                         0xa8 (size before relaxing)
 .stab          0x00000000000029dc      0x1a4 /usr/lib/gcc/avr/10.2.0/avr5/libgcc.a(_prologue.o)
                                        0x1b0 (size before relaxing)
 .stab          0x0000000000002b80      0x1a4 /usr/lib/gcc/avr/10.2.0/avr5/libgcc.a(_epilogue.o)
                                        0x1b0 (size before relaxing)

.stabstr        0x0000000000000000     0x30ea
 *(.stabstr)
 .stabstr       0x0000000000000000     0x30ea parcours.o

.stab.excl
 *(.stab.excl)

.stab.exclstr
 *(.stab.exclstr)

.stab.index
 *(.stab.index)

.stab.indexstr
 *(.stab.indexstr)

.comment        0x0000000000000000       0x46
 *(.comment)
 .comment       0x0000000000000000       0x23 parcours.o
                                         0x24 (size before relaxing)
 .comment       0x0000000000000023       0x24 ../lib/libtest.a(print.o)
 .comment       0x0000000000000023       0x24 ../lib/libtest.a(memoire_24.o)
 .comment       0x0000000000000023       0x24 ../lib/libtest.a(can.o)
 .comment       0x0000000000000023       0x24 ../lib/libtest.a(bouton.o)
 .comment       0x0000000000000023       0x24 ../lib/libtest.a(DEL.o)
 .comment       0x0000000000000023       0x24 ../lib/libtest.a(moteur.o)
 .comment       0x0000000000000023       0x23 /usr/lib/gcc/avr/10.2.0/../../../../avr/lib/avr5/libc.a(sprintf.o)
                                         0x24 (size before relaxing)
 .comment       0x0000000000000046       0x24 /usr/lib/gcc/avr/10.2.0/../../../../avr/lib/avr5/libc.a(vfprintf_std.o)
 .comment       0x0000000000000046       0x24 /usr/lib/gcc/avr/10.2.0/../../../../avr/lib/avr5/libc.a(fputc.o)

.note.gnu.avr.deviceinfo
                0x0000000000000000       0x40
 .note.gnu.avr.deviceinfo
                0x0000000000000000       0x40 /usr/lib/gcc/avr/10.2.0/../../../../avr/lib/avr5/crtatmega324pa.o

.note.gnu.build-id
 *(.note.gnu.build-id)

.debug
 *(.debug)

.line
 *(.line)

.debug_srcinfo
 *(.debug_srcinfo)

.debug_sfnames
 *(.debug_sfnames)

.debug_aranges
 *(.debug_aranges)

.debug_pubnames
 *(.debug_pubnames)

.debug_info     0x0000000000000000      0x6cc
 *(.debug_info .gnu.linkonce.wi.*)
 .debug_info    0x0000000000000000      0x6cc /usr/lib/gcc/avr/10.2.0/../../../../avr/lib/avr5/crtatmega324pa.o

.debug_abbrev   0x0000000000000000      0x66e
 *(.debug_abbrev)
 .debug_abbrev  0x0000000000000000      0x66e /usr/lib/gcc/avr/10.2.0/../../../../avr/lib/avr5/crtatmega324pa.o

.debug_line     0x0000000000000000       0x1d
 *(.debug_line .debug_line.* .debug_line_end)
 .debug_line    0x0000000000000000       0x1d /usr/lib/gcc/avr/10.2.0/../../../../avr/lib/avr5/crtatmega324pa.o

.debug_frame
 *(.debug_frame)

.debug_str      0x0000000000000000      0x255
 *(.debug_str)
 .debug_str     0x0000000000000000      0x255 /usr/lib/gcc/avr/10.2.0/../../../../avr/lib/avr5/crtatmega324pa.o

.debug_loc
 *(.debug_loc)

.debug_macinfo
 *(.debug_macinfo)

.debug_weaknames
 *(.debug_weaknames)

.debug_funcnames
 *(.debug_funcnames)

.debug_typenames
 *(.debug_typenames)

.debug_varnames
 *(.debug_varnames)

.debug_pubtypes
 *(.debug_pubtypes)

.debug_ranges
 *(.debug_ranges)

.debug_macro
 *(.debug_macro)

.debug_addr
 *(.debug_addr)
OUTPUT(executable.elf elf32-avr)
LOAD linker stubs
