Archive member included to satisfy reference by file (symbol)

../lib/libtest.a(Moteur.o)    main.o (_ZN6MoteurC1Ehh)
../lib/libtest.a(print.o)     main.o (_ZN5PrintC1Ev)
../lib/libtest.a(can.o)       main.o (_ZN3canC1Ev)
../lib/libtest.a(bouton.o)    main.o (_ZN6Bouton11appuiBoutonEh)
../lib/libtest.a(DEL.o)       main.o (_ZN3DelC1Ev)
/usr/lib/gcc/avr/10.2.0/avr5/libgcc.a(_divmodhi4.o)
                              ../lib/libtest.a(Moteur.o) (__divmodhi4)
/usr/lib/gcc/avr/10.2.0/avr5/libgcc.a(_exit.o)
                              /usr/lib/gcc/avr/10.2.0/../../../../avr/lib/avr5/crtatmega324pa.o (exit)
/usr/lib/gcc/avr/10.2.0/avr5/libgcc.a(_copy_data.o)
                              ../lib/libtest.a(print.o) (__do_copy_data)
/usr/lib/gcc/avr/10.2.0/avr5/libgcc.a(_clear_bss.o)
                              main.o (__do_clear_bss)
/usr/lib/gcc/avr/10.2.0/avr5/libgcc.a(_ctors.o)
                              main.o (__do_global_ctors)
/usr/lib/gcc/avr/10.2.0/avr5/libgcc.a(_dtors.o)
                              main.o (__do_global_dtors)
/usr/lib/gcc/avr/10.2.0/avr5/libgcc.a(_udivmodhi4.o)
                              /usr/lib/gcc/avr/10.2.0/avr5/libgcc.a(_divmodhi4.o) (__udivmodhi4)
/usr/lib/gcc/avr/10.2.0/avr5/libgcc.a(_tablejump2.o)
                              /usr/lib/gcc/avr/10.2.0/avr5/libgcc.a(_ctors.o) (__tablejump2__)
/usr/lib/gcc/avr/10.2.0/../../../../avr/lib/avr5/libc.a(sprintf.o)
                              ../lib/libtest.a(print.o) (sprintf)
/usr/lib/gcc/avr/10.2.0/../../../../avr/lib/avr5/libc.a(vfprintf_std.o)
                              /usr/lib/gcc/avr/10.2.0/../../../../avr/lib/avr5/libc.a(sprintf.o) (vfprintf)
/usr/lib/gcc/avr/10.2.0/../../../../avr/lib/avr5/libc.a(strnlen_P.o)
                              /usr/lib/gcc/avr/10.2.0/../../../../avr/lib/avr5/libc.a(vfprintf_std.o) (strnlen_P)
/usr/lib/gcc/avr/10.2.0/../../../../avr/lib/avr5/libc.a(strnlen.o)
                              /usr/lib/gcc/avr/10.2.0/../../../../avr/lib/avr5/libc.a(vfprintf_std.o) (strnlen)
/usr/lib/gcc/avr/10.2.0/../../../../avr/lib/avr5/libc.a(fputc.o)
                              /usr/lib/gcc/avr/10.2.0/../../../../avr/lib/avr5/libc.a(vfprintf_std.o) (fputc)
/usr/lib/gcc/avr/10.2.0/../../../../avr/lib/avr5/libc.a(ultoa_invert.o)
                              /usr/lib/gcc/avr/10.2.0/../../../../avr/lib/avr5/libc.a(vfprintf_std.o) (__ultoa_invert)
/usr/lib/gcc/avr/10.2.0/avr5/libgcc.a(_prologue.o)
                              /usr/lib/gcc/avr/10.2.0/../../../../avr/lib/avr5/libc.a(sprintf.o) (__prologue_saves__)
/usr/lib/gcc/avr/10.2.0/avr5/libgcc.a(_epilogue.o)
                              /usr/lib/gcc/avr/10.2.0/../../../../avr/lib/avr5/libc.a(sprintf.o) (__epilogue_restores__)

Memory Configuration

Name             Origin             Length             Attributes
text             0x0000000000000000 0x0000000000020000 xr
data             0x0000000000800060 0x000000000000ffa0 rw !x
eeprom           0x0000000000810000 0x0000000000010000 rw !x
fuse             0x0000000000820000 0x0000000000000003 rw !x
lock             0x0000000000830000 0x0000000000000400 rw !x
signature        0x0000000000840000 0x0000000000000400 rw !x
user_signatures  0x0000000000850000 0x0000000000000400 rw !x
*default*        0x0000000000000000 0xffffffffffffffff

Linker script and memory map

Address of section .data set to 0x800100
LOAD /usr/lib/gcc/avr/10.2.0/../../../../avr/lib/avr5/crtatmega324pa.o
LOAD main.o
LOAD /usr/lib/gcc/avr/10.2.0/../../../../avr/lib/avr5/libm.a
LOAD ../lib/libtest.a
START GROUP
LOAD /usr/lib/gcc/avr/10.2.0/avr5/libgcc.a
LOAD /usr/lib/gcc/avr/10.2.0/../../../../avr/lib/avr5/libm.a
LOAD /usr/lib/gcc/avr/10.2.0/../../../../avr/lib/avr5/libc.a
LOAD /usr/lib/gcc/avr/10.2.0/../../../../avr/lib/avr5/libatmega324pa.a
END GROUP
                0x0000000000020000                __TEXT_REGION_LENGTH__ = DEFINED (__TEXT_REGION_LENGTH__)?__TEXT_REGION_LENGTH__:0x20000
                0x000000000000ffa0                __DATA_REGION_LENGTH__ = DEFINED (__DATA_REGION_LENGTH__)?__DATA_REGION_LENGTH__:0xffa0
                0x0000000000010000                __EEPROM_REGION_LENGTH__ = DEFINED (__EEPROM_REGION_LENGTH__)?__EEPROM_REGION_LENGTH__:0x10000
                [0x0000000000000003]                __FUSE_REGION_LENGTH__ = DEFINED (__FUSE_REGION_LENGTH__)?__FUSE_REGION_LENGTH__:0x400
                0x0000000000000400                __LOCK_REGION_LENGTH__ = DEFINED (__LOCK_REGION_LENGTH__)?__LOCK_REGION_LENGTH__:0x400
                0x0000000000000400                __SIGNATURE_REGION_LENGTH__ = DEFINED (__SIGNATURE_REGION_LENGTH__)?__SIGNATURE_REGION_LENGTH__:0x400
                0x0000000000000400                __USER_SIGNATURE_REGION_LENGTH__ = DEFINED (__USER_SIGNATURE_REGION_LENGTH__)?__USER_SIGNATURE_REGION_LENGTH__:0x400

.hash
 *(.hash)

.dynsym
 *(.dynsym)

.dynstr
 *(.dynstr)

.gnu.version
 *(.gnu.version)

.gnu.version_d
 *(.gnu.version_d)

.gnu.version_r
 *(.gnu.version_r)

.rel.init
 *(.rel.init)

.rela.init
 *(.rela.init)

.rel.text
 *(.rel.text)
 *(.rel.text.*)
 *(.rel.gnu.linkonce.t*)

.rela.text
 *(.rela.text)
 *(.rela.text.*)
 *(.rela.gnu.linkonce.t*)

.rel.fini
 *(.rel.fini)

.rela.fini
 *(.rela.fini)

.rel.rodata
 *(.rel.rodata)
 *(.rel.rodata.*)
 *(.rel.gnu.linkonce.r*)

.rela.rodata
 *(.rela.rodata)
 *(.rela.rodata.*)
 *(.rela.gnu.linkonce.r*)

.rel.data
 *(.rel.data)
 *(.rel.data.*)
 *(.rel.gnu.linkonce.d*)

.rela.data
 *(.rela.data)
 *(.rela.data.*)
 *(.rela.gnu.linkonce.d*)

.rel.ctors
 *(.rel.ctors)

.rela.ctors
 *(.rela.ctors)

.rel.dtors
 *(.rel.dtors)

.rela.dtors
 *(.rela.dtors)

.rel.got
 *(.rel.got)

.rela.got
 *(.rela.got)

.rel.bss
 *(.rel.bss)

.rela.bss
 *(.rela.bss)

.rel.plt
 *(.rel.plt)

.rela.plt
 *(.rela.plt)

.text           0x0000000000000000      0xa9c
 *(.vectors)
 .vectors       0x0000000000000000       0x7c /usr/lib/gcc/avr/10.2.0/../../../../avr/lib/avr5/crtatmega324pa.o
                0x0000000000000000                __vectors
                0x0000000000000000                __vector_default
 *(.vectors)
 *(.progmem.gcc*)
                0x000000000000007c                . = ALIGN (0x2)
                0x000000000000007c                __trampolines_start = .
 *(.trampolines)
 .trampolines   0x000000000000007c        0x0 linker stubs
 *(.trampolines*)
                0x000000000000007c                __trampolines_end = .
 *libprintf_flt.a:*(.progmem.data)
 *libc.a:*(.progmem.data)
 *(.progmem.*)
                0x000000000000007c                . = ALIGN (0x2)
 *(.lowtext)
 *(.lowtext*)
                0x000000000000007c                __ctors_start = .
 *(.ctors)
 .ctors         0x000000000000007c        0x2 main.o
                0x000000000000007e                __ctors_end = .
                0x000000000000007e                __dtors_start = .
 *(.dtors)
 .dtors         0x000000000000007e        0x2 main.o
                0x0000000000000080                __dtors_end = .
 SORT_BY_NAME(*)(.ctors)
 SORT_BY_NAME(*)(.dtors)
 *(.init0)
 .init0         0x0000000000000080        0x0 /usr/lib/gcc/avr/10.2.0/../../../../avr/lib/avr5/crtatmega324pa.o
                0x0000000000000080                __init
 *(.init0)
 *(.init1)
 *(.init1)
 *(.init2)
 .init2         0x0000000000000080        0xc /usr/lib/gcc/avr/10.2.0/../../../../avr/lib/avr5/crtatmega324pa.o
 *(.init2)
 *(.init3)
 *(.init3)
 *(.init4)
 .init4         0x000000000000008c       0x16 /usr/lib/gcc/avr/10.2.0/avr5/libgcc.a(_copy_data.o)
                0x000000000000008c                __do_copy_data
 .init4         0x00000000000000a2       0x10 /usr/lib/gcc/avr/10.2.0/avr5/libgcc.a(_clear_bss.o)
                0x00000000000000a2                __do_clear_bss
 *(.init4)
 *(.init5)
 *(.init5)
 *(.init6)
 .init6         0x00000000000000b2       0x16 /usr/lib/gcc/avr/10.2.0/avr5/libgcc.a(_ctors.o)
                0x00000000000000b2                __do_global_ctors
 *(.init6)
 *(.init7)
 *(.init7)
 *(.init8)
 *(.init8)
 *(.init9)
 .init9         0x00000000000000c8        0x8 /usr/lib/gcc/avr/10.2.0/../../../../avr/lib/avr5/crtatmega324pa.o
 *(.init9)
 *(.text)
 .text          0x00000000000000d0        0x4 /usr/lib/gcc/avr/10.2.0/../../../../avr/lib/avr5/crtatmega324pa.o
                0x00000000000000d0                __vector_22
                0x00000000000000d0                __vector_28
                0x00000000000000d0                __vector_24
                0x00000000000000d0                __vector_12
                0x00000000000000d0                __bad_interrupt
                0x00000000000000d0                __vector_6
                0x00000000000000d0                __vector_3
                0x00000000000000d0                __vector_23
                0x00000000000000d0                __vector_30
                0x00000000000000d0                __vector_25
                0x00000000000000d0                __vector_11
                0x00000000000000d0                __vector_13
                0x00000000000000d0                __vector_17
                0x00000000000000d0                __vector_19
                0x00000000000000d0                __vector_7
                0x00000000000000d0                __vector_27
                0x00000000000000d0                __vector_5
                0x00000000000000d0                __vector_4
                0x00000000000000d0                __vector_9
                0x00000000000000d0                __vector_2
                0x00000000000000d0                __vector_21
                0x00000000000000d0                __vector_15
                0x00000000000000d0                __vector_29
                0x00000000000000d0                __vector_8
                0x00000000000000d0                __vector_26
                0x00000000000000d0                __vector_14
                0x00000000000000d0                __vector_10
                0x00000000000000d0                __vector_16
                0x00000000000000d0                __vector_18
                0x00000000000000d0                __vector_20
 .text          0x00000000000000d4       0xb0 main.o
                0x00000000000000d4                _Z12modeParcoursv
                0x00000000000000f6                _Z13testCapteurIRv
                0x0000000000000126                __vector_1
                0x0000000000000170                _Z18initialisationInt0v
 .text          0x0000000000000184       0xe4 ../lib/libtest.a(Moteur.o)
                0x0000000000000184                _ZN6MoteurC2Ehh
                0x0000000000000184                _ZN6MoteurC1Ehh
                0x00000000000001ac                _ZN6Moteur7avancerEh
                0x00000000000001f0                _ZN6Moteur7reculerEh
                0x0000000000000234                _ZN6Moteur5arretEv
                0x000000000000023a                _ZN6Moteur23ajustementPwmNavigationEhh
 .text          0x0000000000000268       0xe6 ../lib/libtest.a(print.o)
                0x0000000000000268                _ZN5Print10USART_InitEv
                0x0000000000000280                _ZN5PrintC1Ev
                0x0000000000000280                _ZN5PrintC2Ev
                0x0000000000000284                _ZN5Print17afficherCaractereEc
                0x0000000000000292                _ZN5Print19afficherEntier16bitEj
                0x00000000000002a0                _ZN5Print23afficherChaineCaractereEPKc
                0x00000000000002d6                _ZN5Print18afficherEntier8bitEh
                0x000000000000033c                _ZN5Print13USART_ReceiveEv
                0x000000000000034a                _ZN5Print14USART_TransmitEh
 .text          0x000000000000034e       0x58 ../lib/libtest.a(can.o)
                0x000000000000034e                _ZN3canC2Ev
                0x000000000000034e                _ZN3canC1Ev
                0x000000000000035a                _ZN3canD1Ev
                0x000000000000035a                _ZN3canD2Ev
                0x0000000000000360                _ZN3can7lectureEh
 .text          0x00000000000003a6       0x20 ../lib/libtest.a(bouton.o)
                0x00000000000003a6                _ZN6Bouton11appuiBoutonEh
 .text          0x00000000000003c6       0x5c ../lib/libtest.a(DEL.o)
                0x00000000000003c6                _ZN3DelC2Ev
                0x00000000000003c6                _ZN3DelC1Ev
                0x00000000000003ce                _ZN3Del17SetCouleurLumiereE4Etat
                0x00000000000003ee                _ZN3Del9clignoterEhh
 .text          0x0000000000000422        0x0 /usr/lib/gcc/avr/10.2.0/avr5/libgcc.a(_divmodhi4.o)
 .text          0x0000000000000422        0x0 /usr/lib/gcc/avr/10.2.0/avr5/libgcc.a(_exit.o)
 .text          0x0000000000000422        0x0 /usr/lib/gcc/avr/10.2.0/avr5/libgcc.a(_copy_data.o)
 .text          0x0000000000000422        0x0 /usr/lib/gcc/avr/10.2.0/avr5/libgcc.a(_clear_bss.o)
 .text          0x0000000000000422        0x0 /usr/lib/gcc/avr/10.2.0/avr5/libgcc.a(_ctors.o)
 .text          0x0000000000000422        0x0 /usr/lib/gcc/avr/10.2.0/avr5/libgcc.a(_dtors.o)
 .text          0x0000000000000422        0x0 /usr/lib/gcc/avr/10.2.0/avr5/libgcc.a(_udivmodhi4.o)
 .text          0x0000000000000422        0x0 /usr/lib/gcc/avr/10.2.0/avr5/libgcc.a(_tablejump2.o)
 .text          0x0000000000000422        0x0 /usr/lib/gcc/avr/10.2.0/../../../../avr/lib/avr5/libc.a(sprintf.o)
 .text          0x0000000000000422        0x0 /usr/lib/gcc/avr/10.2.0/../../../../avr/lib/avr5/libc.a(vfprintf_std.o)
 .text          0x0000000000000422        0x0 /usr/lib/gcc/avr/10.2.0/../../../../avr/lib/avr5/libc.a(strnlen_P.o)
 .text          0x0000000000000422        0x0 /usr/lib/gcc/avr/10.2.0/../../../../avr/lib/avr5/libc.a(strnlen.o)
 .text          0x0000000000000422        0x0 /usr/lib/gcc/avr/10.2.0/../../../../avr/lib/avr5/libc.a(fputc.o)
 .text          0x0000000000000422        0x0 /usr/lib/gcc/avr/10.2.0/../../../../avr/lib/avr5/libc.a(ultoa_invert.o)
 .text          0x0000000000000422        0x0 /usr/lib/gcc/avr/10.2.0/avr5/libgcc.a(_prologue.o)
 .text          0x0000000000000422        0x0 /usr/lib/gcc/avr/10.2.0/avr5/libgcc.a(_epilogue.o)
                0x0000000000000422                . = ALIGN (0x2)
 *(.text.*)
 .text.startup  0x0000000000000422       0x5a main.o
                0x0000000000000422                main
 .text.exit     0x000000000000047c        0x8 main.o
 .text.libgcc.mul
                0x0000000000000484        0x0 /usr/lib/gcc/avr/10.2.0/avr5/libgcc.a(_divmodhi4.o)
 .text.libgcc.div
                0x0000000000000484       0x28 /usr/lib/gcc/avr/10.2.0/avr5/libgcc.a(_divmodhi4.o)
                0x0000000000000484                __divmodhi4
                0x0000000000000484                _div
 .text.libgcc   0x00000000000004ac        0x0 /usr/lib/gcc/avr/10.2.0/avr5/libgcc.a(_divmodhi4.o)
 .text.libgcc.prologue
                0x00000000000004ac        0x0 /usr/lib/gcc/avr/10.2.0/avr5/libgcc.a(_divmodhi4.o)
 .text.libgcc.builtins
                0x00000000000004ac        0x0 /usr/lib/gcc/avr/10.2.0/avr5/libgcc.a(_divmodhi4.o)
 .text.libgcc.fmul
                0x00000000000004ac        0x0 /usr/lib/gcc/avr/10.2.0/avr5/libgcc.a(_divmodhi4.o)
 .text.libgcc.fixed
                0x00000000000004ac        0x0 /usr/lib/gcc/avr/10.2.0/avr5/libgcc.a(_divmodhi4.o)
 .text.libgcc.mul
                0x00000000000004ac        0x0 /usr/lib/gcc/avr/10.2.0/avr5/libgcc.a(_exit.o)
 .text.libgcc.div
                0x00000000000004ac        0x0 /usr/lib/gcc/avr/10.2.0/avr5/libgcc.a(_exit.o)
 .text.libgcc   0x00000000000004ac        0x0 /usr/lib/gcc/avr/10.2.0/avr5/libgcc.a(_exit.o)
 .text.libgcc.prologue
                0x00000000000004ac        0x0 /usr/lib/gcc/avr/10.2.0/avr5/libgcc.a(_exit.o)
 .text.libgcc.builtins
                0x00000000000004ac        0x0 /usr/lib/gcc/avr/10.2.0/avr5/libgcc.a(_exit.o)
 .text.libgcc.fmul
                0x00000000000004ac        0x0 /usr/lib/gcc/avr/10.2.0/avr5/libgcc.a(_exit.o)
 .text.libgcc.fixed
                0x00000000000004ac        0x0 /usr/lib/gcc/avr/10.2.0/avr5/libgcc.a(_exit.o)
 .text.libgcc.mul
                0x00000000000004ac        0x0 /usr/lib/gcc/avr/10.2.0/avr5/libgcc.a(_copy_data.o)
 .text.libgcc.div
                0x00000000000004ac        0x0 /usr/lib/gcc/avr/10.2.0/avr5/libgcc.a(_copy_data.o)
 .text.libgcc   0x00000000000004ac        0x0 /usr/lib/gcc/avr/10.2.0/avr5/libgcc.a(_copy_data.o)
 .text.libgcc.prologue
                0x00000000000004ac        0x0 /usr/lib/gcc/avr/10.2.0/avr5/libgcc.a(_copy_data.o)
 .text.libgcc.builtins
                0x00000000000004ac        0x0 /usr/lib/gcc/avr/10.2.0/avr5/libgcc.a(_copy_data.o)
 .text.libgcc.fmul
                0x00000000000004ac        0x0 /usr/lib/gcc/avr/10.2.0/avr5/libgcc.a(_copy_data.o)
 .text.libgcc.fixed
                0x00000000000004ac        0x0 /usr/lib/gcc/avr/10.2.0/avr5/libgcc.a(_copy_data.o)
 .text.libgcc.mul
                0x00000000000004ac        0x0 /usr/lib/gcc/avr/10.2.0/avr5/libgcc.a(_clear_bss.o)
 .text.libgcc.div
                0x00000000000004ac        0x0 /usr/lib/gcc/avr/10.2.0/avr5/libgcc.a(_clear_bss.o)
 .text.libgcc   0x00000000000004ac        0x0 /usr/lib/gcc/avr/10.2.0/avr5/libgcc.a(_clear_bss.o)
 .text.libgcc.prologue
                0x00000000000004ac        0x0 /usr/lib/gcc/avr/10.2.0/avr5/libgcc.a(_clear_bss.o)
 .text.libgcc.builtins
                0x00000000000004ac        0x0 /usr/lib/gcc/avr/10.2.0/avr5/libgcc.a(_clear_bss.o)
 .text.libgcc.fmul
                0x00000000000004ac        0x0 /usr/lib/gcc/avr/10.2.0/avr5/libgcc.a(_clear_bss.o)
 .text.libgcc.fixed
                0x00000000000004ac        0x0 /usr/lib/gcc/avr/10.2.0/avr5/libgcc.a(_clear_bss.o)
 .text.libgcc.mul
                0x00000000000004ac        0x0 /usr/lib/gcc/avr/10.2.0/avr5/libgcc.a(_ctors.o)
 .text.libgcc.div
                0x00000000000004ac        0x0 /usr/lib/gcc/avr/10.2.0/avr5/libgcc.a(_ctors.o)
 .text.libgcc   0x00000000000004ac        0x0 /usr/lib/gcc/avr/10.2.0/avr5/libgcc.a(_ctors.o)
 .text.libgcc.prologue
                0x00000000000004ac        0x0 /usr/lib/gcc/avr/10.2.0/avr5/libgcc.a(_ctors.o)
 .text.libgcc.builtins
                0x00000000000004ac        0x0 /usr/lib/gcc/avr/10.2.0/avr5/libgcc.a(_ctors.o)
 .text.libgcc.fmul
                0x00000000000004ac        0x0 /usr/lib/gcc/avr/10.2.0/avr5/libgcc.a(_ctors.o)
 .text.libgcc.fixed
                0x00000000000004ac        0x0 /usr/lib/gcc/avr/10.2.0/avr5/libgcc.a(_ctors.o)
 .text.libgcc.mul
                0x00000000000004ac        0x0 /usr/lib/gcc/avr/10.2.0/avr5/libgcc.a(_dtors.o)
 .text.libgcc.div
                0x00000000000004ac        0x0 /usr/lib/gcc/avr/10.2.0/avr5/libgcc.a(_dtors.o)
 .text.libgcc   0x00000000000004ac        0x0 /usr/lib/gcc/avr/10.2.0/avr5/libgcc.a(_dtors.o)
 .text.libgcc.prologue
                0x00000000000004ac        0x0 /usr/lib/gcc/avr/10.2.0/avr5/libgcc.a(_dtors.o)
 .text.libgcc.builtins
                0x00000000000004ac        0x0 /usr/lib/gcc/avr/10.2.0/avr5/libgcc.a(_dtors.o)
 .text.libgcc.fmul
                0x00000000000004ac        0x0 /usr/lib/gcc/avr/10.2.0/avr5/libgcc.a(_dtors.o)
 .text.libgcc.fixed
                0x00000000000004ac        0x0 /usr/lib/gcc/avr/10.2.0/avr5/libgcc.a(_dtors.o)
 .text.libgcc.mul
                0x00000000000004ac        0x0 /usr/lib/gcc/avr/10.2.0/avr5/libgcc.a(_udivmodhi4.o)
 .text.libgcc.div
                0x00000000000004ac       0x28 /usr/lib/gcc/avr/10.2.0/avr5/libgcc.a(_udivmodhi4.o)
                0x00000000000004ac                __udivmodhi4
 .text.libgcc   0x00000000000004d4        0x0 /usr/lib/gcc/avr/10.2.0/avr5/libgcc.a(_udivmodhi4.o)
 .text.libgcc.prologue
                0x00000000000004d4        0x0 /usr/lib/gcc/avr/10.2.0/avr5/libgcc.a(_udivmodhi4.o)
 .text.libgcc.builtins
                0x00000000000004d4        0x0 /usr/lib/gcc/avr/10.2.0/avr5/libgcc.a(_udivmodhi4.o)
 .text.libgcc.fmul
                0x00000000000004d4        0x0 /usr/lib/gcc/avr/10.2.0/avr5/libgcc.a(_udivmodhi4.o)
 .text.libgcc.fixed
                0x00000000000004d4        0x0 /usr/lib/gcc/avr/10.2.0/avr5/libgcc.a(_udivmodhi4.o)
 .text.libgcc.mul
                0x00000000000004d4        0x0 /usr/lib/gcc/avr/10.2.0/avr5/libgcc.a(_tablejump2.o)
 .text.libgcc.div
                0x00000000000004d4        0x0 /usr/lib/gcc/avr/10.2.0/avr5/libgcc.a(_tablejump2.o)
 .text.libgcc   0x00000000000004d4        0xc /usr/lib/gcc/avr/10.2.0/avr5/libgcc.a(_tablejump2.o)
                0x00000000000004d4                __tablejump2__
 .text.libgcc.prologue
                0x00000000000004e0        0x0 /usr/lib/gcc/avr/10.2.0/avr5/libgcc.a(_tablejump2.o)
 .text.libgcc.builtins
                0x00000000000004e0        0x0 /usr/lib/gcc/avr/10.2.0/avr5/libgcc.a(_tablejump2.o)
 .text.libgcc.fmul
                0x00000000000004e0        0x0 /usr/lib/gcc/avr/10.2.0/avr5/libgcc.a(_tablejump2.o)
 .text.libgcc.fixed
                0x00000000000004e0        0x0 /usr/lib/gcc/avr/10.2.0/avr5/libgcc.a(_tablejump2.o)
 .text.avr-libc
                0x00000000000004e0       0x46 /usr/lib/gcc/avr/10.2.0/../../../../avr/lib/avr5/libc.a(sprintf.o)
                0x00000000000004e0                sprintf
 .text.avr-libc
                0x0000000000000526      0x3a6 /usr/lib/gcc/avr/10.2.0/../../../../avr/lib/avr5/libc.a(vfprintf_std.o)
                0x0000000000000526                vfprintf
 .text.avr-libc
                0x00000000000008cc       0x16 /usr/lib/gcc/avr/10.2.0/../../../../avr/lib/avr5/libc.a(strnlen_P.o)
                0x00000000000008cc                strnlen_P
 .text.avr-libc
                0x00000000000008e2       0x16 /usr/lib/gcc/avr/10.2.0/../../../../avr/lib/avr5/libc.a(strnlen.o)
                0x00000000000008e2                strnlen
 .text.avr-libc
                0x00000000000008f8       0x60 /usr/lib/gcc/avr/10.2.0/../../../../avr/lib/avr5/libc.a(fputc.o)
                0x00000000000008f8                fputc
 .text.avr-libc
                0x0000000000000958       0xbc /usr/lib/gcc/avr/10.2.0/../../../../avr/lib/avr5/libc.a(ultoa_invert.o)
                0x0000000000000958                __ultoa_invert
 .text.libgcc.mul
                0x0000000000000a14        0x0 /usr/lib/gcc/avr/10.2.0/avr5/libgcc.a(_prologue.o)
 .text.libgcc.div
                0x0000000000000a14        0x0 /usr/lib/gcc/avr/10.2.0/avr5/libgcc.a(_prologue.o)
 .text.libgcc   0x0000000000000a14        0x0 /usr/lib/gcc/avr/10.2.0/avr5/libgcc.a(_prologue.o)
 .text.libgcc.prologue
                0x0000000000000a14       0x38 /usr/lib/gcc/avr/10.2.0/avr5/libgcc.a(_prologue.o)
                0x0000000000000a14                __prologue_saves__
 .text.libgcc.builtins
                0x0000000000000a4c        0x0 /usr/lib/gcc/avr/10.2.0/avr5/libgcc.a(_prologue.o)
 .text.libgcc.fmul
                0x0000000000000a4c        0x0 /usr/lib/gcc/avr/10.2.0/avr5/libgcc.a(_prologue.o)
 .text.libgcc.fixed
                0x0000000000000a4c        0x0 /usr/lib/gcc/avr/10.2.0/avr5/libgcc.a(_prologue.o)
 .text.libgcc.mul
                0x0000000000000a4c        0x0 /usr/lib/gcc/avr/10.2.0/avr5/libgcc.a(_epilogue.o)
 .text.libgcc.div
                0x0000000000000a4c        0x0 /usr/lib/gcc/avr/10.2.0/avr5/libgcc.a(_epilogue.o)
 .text.libgcc   0x0000000000000a4c        0x0 /usr/lib/gcc/avr/10.2.0/avr5/libgcc.a(_epilogue.o)
 .text.libgcc.prologue
                0x0000000000000a4c       0x36 /usr/lib/gcc/avr/10.2.0/avr5/libgcc.a(_epilogue.o)
                0x0000000000000a4c                __epilogue_restores__
 .text.libgcc.builtins
                0x0000000000000a82        0x0 /usr/lib/gcc/avr/10.2.0/avr5/libgcc.a(_epilogue.o)
 .text.libgcc.fmul
                0x0000000000000a82        0x0 /usr/lib/gcc/avr/10.2.0/avr5/libgcc.a(_epilogue.o)
 .text.libgcc.fixed
                0x0000000000000a82        0x0 /usr/lib/gcc/avr/10.2.0/avr5/libgcc.a(_epilogue.o)
                0x0000000000000a82                . = ALIGN (0x2)
 *(.fini9)
 .fini9         0x0000000000000a82        0x0 /usr/lib/gcc/avr/10.2.0/avr5/libgcc.a(_exit.o)
                0x0000000000000a82                exit
                0x0000000000000a82                _exit
 *(.fini9)
 *(.fini8)
 *(.fini8)
 *(.fini7)
 *(.fini7)
 *(.fini6)
 .fini6         0x0000000000000a82       0x16 /usr/lib/gcc/avr/10.2.0/avr5/libgcc.a(_dtors.o)
                0x0000000000000a82                __do_global_dtors
 *(.fini6)
 *(.fini5)
 *(.fini5)
 *(.fini4)
 *(.fini4)
 *(.fini3)
 *(.fini3)
 *(.fini2)
 *(.fini2)
 *(.fini1)
 *(.fini1)
 *(.fini0)
 .fini0         0x0000000000000a98        0x4 /usr/lib/gcc/avr/10.2.0/avr5/libgcc.a(_exit.o)
 *(.fini0)
 *(.hightext)
 *(.hightext*)
 *(.progmemx.*)
                0x0000000000000a9c                . = ALIGN (0x2)
 *(.jumptables)
 *(.jumptables*)
                0x0000000000000a9c                _etext = .

.data           0x0000000000800100        0x4 load address 0x0000000000000a9c
                0x0000000000800100                PROVIDE (__data_start = .)
 *(.data)
 .data          0x0000000000800100        0x0 /usr/lib/gcc/avr/10.2.0/../../../../avr/lib/avr5/crtatmega324pa.o
 .data          0x0000000000800100        0x0 main.o
 .data          0x0000000000800100        0x0 ../lib/libtest.a(Moteur.o)
 .data          0x0000000000800100        0x0 ../lib/libtest.a(print.o)
 .data          0x0000000000800100        0x0 ../lib/libtest.a(can.o)
 .data          0x0000000000800100        0x0 ../lib/libtest.a(bouton.o)
 .data          0x0000000000800100        0x0 ../lib/libtest.a(DEL.o)
 .data          0x0000000000800100        0x0 /usr/lib/gcc/avr/10.2.0/avr5/libgcc.a(_divmodhi4.o)
 .data          0x0000000000800100        0x0 /usr/lib/gcc/avr/10.2.0/avr5/libgcc.a(_exit.o)
 .data          0x0000000000800100        0x0 /usr/lib/gcc/avr/10.2.0/avr5/libgcc.a(_copy_data.o)
 .data          0x0000000000800100        0x0 /usr/lib/gcc/avr/10.2.0/avr5/libgcc.a(_clear_bss.o)
 .data          0x0000000000800100        0x0 /usr/lib/gcc/avr/10.2.0/avr5/libgcc.a(_ctors.o)
 .data          0x0000000000800100        0x0 /usr/lib/gcc/avr/10.2.0/avr5/libgcc.a(_dtors.o)
 .data          0x0000000000800100        0x0 /usr/lib/gcc/avr/10.2.0/avr5/libgcc.a(_udivmodhi4.o)
 .data          0x0000000000800100        0x0 /usr/lib/gcc/avr/10.2.0/avr5/libgcc.a(_tablejump2.o)
 .data          0x0000000000800100        0x0 /usr/lib/gcc/avr/10.2.0/../../../../avr/lib/avr5/libc.a(sprintf.o)
 .data          0x0000000000800100        0x0 /usr/lib/gcc/avr/10.2.0/../../../../avr/lib/avr5/libc.a(vfprintf_std.o)
 .data          0x0000000000800100        0x0 /usr/lib/gcc/avr/10.2.0/../../../../avr/lib/avr5/libc.a(strnlen_P.o)
 .data          0x0000000000800100        0x0 /usr/lib/gcc/avr/10.2.0/../../../../avr/lib/avr5/libc.a(strnlen.o)
 .data          0x0000000000800100        0x0 /usr/lib/gcc/avr/10.2.0/../../../../avr/lib/avr5/libc.a(fputc.o)
 .data          0x0000000000800100        0x0 /usr/lib/gcc/avr/10.2.0/../../../../avr/lib/avr5/libc.a(ultoa_invert.o)
 .data          0x0000000000800100        0x0 /usr/lib/gcc/avr/10.2.0/avr5/libgcc.a(_prologue.o)
 .data          0x0000000000800100        0x0 /usr/lib/gcc/avr/10.2.0/avr5/libgcc.a(_epilogue.o)
 *(.data*)
 *(.gnu.linkonce.d*)
 *(.rodata)
 *(.rodata*)
 .rodata.str1.1
                0x0000000000800100        0x3 ../lib/libtest.a(print.o)
 *(.gnu.linkonce.r*)
                0x0000000000800104                . = ALIGN (0x2)
 *fill*         0x0000000000800103        0x1 
                0x0000000000800104                _edata = .
                0x0000000000800104                PROVIDE (__data_end = .)

.bss            0x0000000000800104        0x7
                0x0000000000800104                PROVIDE (__bss_start = .)
 *(.bss)
 .bss           0x0000000000800104        0x0 /usr/lib/gcc/avr/10.2.0/../../../../avr/lib/avr5/crtatmega324pa.o
 .bss           0x0000000000800104        0x7 main.o
                0x0000000000800104                dbt
                0x0000000000800105                can
                0x0000000000800106                p
                0x0000000000800107                moteur
                0x0000000000800109                bouton
                0x000000000080010a                del
 .bss           0x000000000080010b        0x0 ../lib/libtest.a(Moteur.o)
 .bss           0x000000000080010b        0x0 ../lib/libtest.a(print.o)
 .bss           0x000000000080010b        0x0 ../lib/libtest.a(can.o)
 .bss           0x000000000080010b        0x0 ../lib/libtest.a(bouton.o)
 .bss           0x000000000080010b        0x0 ../lib/libtest.a(DEL.o)
 .bss           0x000000000080010b        0x0 /usr/lib/gcc/avr/10.2.0/avr5/libgcc.a(_divmodhi4.o)
 .bss           0x000000000080010b        0x0 /usr/lib/gcc/avr/10.2.0/avr5/libgcc.a(_exit.o)
 .bss           0x000000000080010b        0x0 /usr/lib/gcc/avr/10.2.0/avr5/libgcc.a(_copy_data.o)
 .bss           0x000000000080010b        0x0 /usr/lib/gcc/avr/10.2.0/avr5/libgcc.a(_clear_bss.o)
 .bss           0x000000000080010b        0x0 /usr/lib/gcc/avr/10.2.0/avr5/libgcc.a(_ctors.o)
 .bss           0x000000000080010b        0x0 /usr/lib/gcc/avr/10.2.0/avr5/libgcc.a(_dtors.o)
 .bss           0x000000000080010b        0x0 /usr/lib/gcc/avr/10.2.0/avr5/libgcc.a(_udivmodhi4.o)
 .bss           0x000000000080010b        0x0 /usr/lib/gcc/avr/10.2.0/avr5/libgcc.a(_tablejump2.o)
 .bss           0x000000000080010b        0x0 /usr/lib/gcc/avr/10.2.0/../../../../avr/lib/avr5/libc.a(sprintf.o)
 .bss           0x000000000080010b        0x0 /usr/lib/gcc/avr/10.2.0/../../../../avr/lib/avr5/libc.a(vfprintf_std.o)
 .bss           0x000000000080010b        0x0 /usr/lib/gcc/avr/10.2.0/../../../../avr/lib/avr5/libc.a(strnlen_P.o)
 .bss           0x000000000080010b        0x0 /usr/lib/gcc/avr/10.2.0/../../../../avr/lib/avr5/libc.a(strnlen.o)
 .bss           0x000000000080010b        0x0 /usr/lib/gcc/avr/10.2.0/../../../../avr/lib/avr5/libc.a(fputc.o)
 .bss           0x000000000080010b        0x0 /usr/lib/gcc/avr/10.2.0/../../../../avr/lib/avr5/libc.a(ultoa_invert.o)
 .bss           0x000000000080010b        0x0 /usr/lib/gcc/avr/10.2.0/avr5/libgcc.a(_prologue.o)
 .bss           0x000000000080010b        0x0 /usr/lib/gcc/avr/10.2.0/avr5/libgcc.a(_epilogue.o)
 *(.bss*)
 *(COMMON)
                0x000000000080010b                PROVIDE (__bss_end = .)
                0x0000000000000a9c                __data_load_start = LOADADDR (.data)
                0x0000000000000aa0                __data_load_end = (__data_load_start + SIZEOF (.data))

.noinit         0x000000000080010b        0x0
                [!provide]                        PROVIDE (__noinit_start = .)
 *(.noinit*)
                [!provide]                        PROVIDE (__noinit_end = .)
                0x000000000080010b                _end = .
                [!provide]                        PROVIDE (__heap_start = .)

.eeprom         0x0000000000810000        0x0
 *(.eeprom*)
                0x0000000000810000                __eeprom_end = .

.fuse
 *(.fuse)
 *(.lfuse)
 *(.hfuse)
 *(.efuse)

.lock
 *(.lock*)

.signature
 *(.signature*)

.stab           0x0000000000000000     0x1b24
 *(.stab)
 .stab          0x0000000000000000      0x420 main.o
 .stab          0x0000000000000420      0x414 ../lib/libtest.a(Moteur.o)
                                        0x420 (size before relaxing)
 .stab          0x0000000000000834      0x378 ../lib/libtest.a(print.o)
                                        0x384 (size before relaxing)
 .stab          0x0000000000000bac      0x1e0 ../lib/libtest.a(can.o)
                                        0x1ec (size before relaxing)
 .stab          0x0000000000000d8c       0xfc ../lib/libtest.a(bouton.o)
                                        0x108 (size before relaxing)
 .stab          0x0000000000000e88      0x27c ../lib/libtest.a(DEL.o)
                                        0x288 (size before relaxing)
 .stab          0x0000000000001104      0x138 /usr/lib/gcc/avr/10.2.0/avr5/libgcc.a(_divmodhi4.o)
                                        0x144 (size before relaxing)
 .stab          0x000000000000123c       0x6c /usr/lib/gcc/avr/10.2.0/avr5/libgcc.a(_exit.o)
                                         0x78 (size before relaxing)
 .stab          0x00000000000012a8       0xd8 /usr/lib/gcc/avr/10.2.0/avr5/libgcc.a(_copy_data.o)
                                         0xe4 (size before relaxing)
 .stab          0x0000000000001380       0xb4 /usr/lib/gcc/avr/10.2.0/avr5/libgcc.a(_clear_bss.o)
                                         0xc0 (size before relaxing)
 .stab          0x0000000000001434       0xd8 /usr/lib/gcc/avr/10.2.0/avr5/libgcc.a(_ctors.o)
                                         0xe4 (size before relaxing)
 .stab          0x000000000000150c       0xd8 /usr/lib/gcc/avr/10.2.0/avr5/libgcc.a(_dtors.o)
                                         0xe4 (size before relaxing)
 .stab          0x00000000000015e4      0x15c /usr/lib/gcc/avr/10.2.0/avr5/libgcc.a(_udivmodhi4.o)
                                        0x168 (size before relaxing)
 .stab          0x0000000000001740       0x9c /usr/lib/gcc/avr/10.2.0/avr5/libgcc.a(_tablejump2.o)
                                         0xa8 (size before relaxing)
 .stab          0x00000000000017dc      0x1a4 /usr/lib/gcc/avr/10.2.0/avr5/libgcc.a(_prologue.o)
                                        0x1b0 (size before relaxing)
 .stab          0x0000000000001980      0x1a4 /usr/lib/gcc/avr/10.2.0/avr5/libgcc.a(_epilogue.o)
                                        0x1b0 (size before relaxing)

.stabstr        0x0000000000000000     0x2386
 *(.stabstr)
 .stabstr       0x0000000000000000     0x2386 main.o

.stab.excl
 *(.stab.excl)

.stab.exclstr
 *(.stab.exclstr)

.stab.index
 *(.stab.index)

.stab.indexstr
 *(.stab.indexstr)

.comment        0x0000000000000000       0x46
 *(.comment)
 .comment       0x0000000000000000       0x23 main.o
                                         0x24 (size before relaxing)
 .comment       0x0000000000000023       0x24 ../lib/libtest.a(Moteur.o)
 .comment       0x0000000000000023       0x24 ../lib/libtest.a(print.o)
 .comment       0x0000000000000023       0x24 ../lib/libtest.a(can.o)
 .comment       0x0000000000000023       0x24 ../lib/libtest.a(bouton.o)
 .comment       0x0000000000000023       0x24 ../lib/libtest.a(DEL.o)
 .comment       0x0000000000000023       0x23 /usr/lib/gcc/avr/10.2.0/../../../../avr/lib/avr5/libc.a(sprintf.o)
                                         0x24 (size before relaxing)
 .comment       0x0000000000000046       0x24 /usr/lib/gcc/avr/10.2.0/../../../../avr/lib/avr5/libc.a(vfprintf_std.o)
 .comment       0x0000000000000046       0x24 /usr/lib/gcc/avr/10.2.0/../../../../avr/lib/avr5/libc.a(fputc.o)

.note.gnu.avr.deviceinfo
                0x0000000000000000       0x40
 .note.gnu.avr.deviceinfo
                0x0000000000000000       0x40 /usr/lib/gcc/avr/10.2.0/../../../../avr/lib/avr5/crtatmega324pa.o

.note.gnu.build-id
 *(.note.gnu.build-id)

.debug
 *(.debug)

.line
 *(.line)

.debug_srcinfo
 *(.debug_srcinfo)

.debug_sfnames
 *(.debug_sfnames)

.debug_aranges
 *(.debug_aranges)

.debug_pubnames
 *(.debug_pubnames)

.debug_info     0x0000000000000000      0x6cc
 *(.debug_info .gnu.linkonce.wi.*)
 .debug_info    0x0000000000000000      0x6cc /usr/lib/gcc/avr/10.2.0/../../../../avr/lib/avr5/crtatmega324pa.o

.debug_abbrev   0x0000000000000000      0x66e
 *(.debug_abbrev)
 .debug_abbrev  0x0000000000000000      0x66e /usr/lib/gcc/avr/10.2.0/../../../../avr/lib/avr5/crtatmega324pa.o

.debug_line     0x0000000000000000       0x1d
 *(.debug_line .debug_line.* .debug_line_end)
 .debug_line    0x0000000000000000       0x1d /usr/lib/gcc/avr/10.2.0/../../../../avr/lib/avr5/crtatmega324pa.o

.debug_frame
 *(.debug_frame)

.debug_str      0x0000000000000000      0x255
 *(.debug_str)
 .debug_str     0x0000000000000000      0x255 /usr/lib/gcc/avr/10.2.0/../../../../avr/lib/avr5/crtatmega324pa.o

.debug_loc
 *(.debug_loc)

.debug_macinfo
 *(.debug_macinfo)

.debug_weaknames
 *(.debug_weaknames)

.debug_funcnames
 *(.debug_funcnames)

.debug_typenames
 *(.debug_typenames)

.debug_varnames
 *(.debug_varnames)

.debug_pubtypes
 *(.debug_pubtypes)

.debug_ranges
 *(.debug_ranges)

.debug_macro
 *(.debug_macro)

.debug_addr
 *(.debug_addr)
OUTPUT(executable.elf elf32-avr)
LOAD linker stubs
